
> Configure project :fabric
Fabric Loom: 1.17.20

> Task :fabric:compileJava UP-TO-DATE
> Task :fabric:processResources UP-TO-DATE
> Task :fabric:classes UP-TO-DATE
> Task :fabric:compileClientJava UP-TO-DATE
> Task :fabric:processClientResources UP-TO-DATE
> Task :fabric:clientClasses UP-TO-DATE
> Task :fabric:generateLog4jConfig UP-TO-DATE
> Task :fabric:generateDLIConfig
> Task :fabric:configureLaunch
> Task :fabric:downloadAssets UP-TO-DATE
> Task :fabric:configureClientLaunch

> Task :fabric:runClient
[34m[01:36:28][m [32m[main/INFO][m [36m(FabricLoader/GameProvider)[m [0mLoading Minecraft 26.2 with Fabric Loader 0.19.3
[m[34m[01:36:28][m [32m[main/INFO][m [36m(FabricLoader/Mappings)[m [0mMappings not present!
[m[34m[01:36:29][m [32m[main/INFO][m [36m(FabricLoader)[m [0mLoading 54 mods:
	- cloth-basic-math 0.6.1
	- cloth-config 26.2.155
	- fabric-api 0.158.0+26.2
	- fabric-api-base 2.0.4+ece063239e
	- fabric-api-lookup-api-v1 2.0.17+11e1c9a39e
	- fabric-biome-api-v1 18.0.6+c7bd5b8e9e
	- fabric-block-api-v1 3.0.3+ec56b6019e
	- fabric-block-getter-api-v2 2.0.7+ec56b6019e
	- fabric-client-gametest-api-v1 6.0.0+515ac5339e
	- fabric-command-api-v2 3.1.0+00cb03469e
	- fabric-content-registries-v0 11.3.1+37b1aa249e
	- fabric-convention-tags-v2 4.7.0+1f023a9e9e
	- fabric-crash-report-info-v1 1.0.5+086d547a9e
	- fabric-creative-tab-api-v1 5.0.14+d871b99e9e
	- fabric-data-attachment-api-v1 2.2.18+515ac5339e
	- fabric-data-generation-api-v1 25.5.0+aed122aa9e
	- fabric-debug-api-v1 1.0.2+c792624d9e
	- fabric-dimensions-v1 5.1.11+515ac5339e
	- fabric-entity-events-v1 5.0.5+06488ac19e
	- fabric-events-interaction-v0 5.2.7+515ac5339e
	- fabric-game-rule-api-v1 4.0.8+46a6d00c9e
	- fabric-gametest-api-v1 4.0.21+4a7fa0819e
	- fabric-item-api-v1 14.5.0+c68f6cbe9e
	- fabric-key-mapping-api-v1 2.0.5+e2bdee789e
	- fabric-lifecycle-events-v1 4.1.3+4575b05f9e
	- fabric-loot-api-v3 3.0.17+06488ac19e
	- fabric-menu-api-v1 2.0.16+086d547a9e
	- fabric-message-api-v1 7.0.8+bb2ed3f79e
	- fabric-model-loading-api-v1 8.0.16+c80601bb9e
	- fabric-networking-api-v1 6.3.3+72073ef09e
	- fabric-object-builder-api-v1 24.1.0+6fcd5f039e
	- fabric-particles-v1 5.0.18+d1756aa99e
	- fabric-permission-api-v1 1.0.5+e442d8d09e
	- fabric-recipe-api-v1 9.0.20+11e1c9a39e
	- fabric-registry-sync-v0 7.1.0+c7bd5b8e9e
	- fabric-renderer-api-v1 14.1.3+2b0d8a229e
	- fabric-renderer-indigo 9.1.3+2b0d8a229e
	- fabric-rendering-fluids-v1 6.0.4+06488ac19e
	- fabric-rendering-v1 25.3.2+515ac5339e
	- fabric-resource-conditions-api-v1 6.1.0+10e9a28b9e
	- fabric-resource-loader-v0 3.3.20+4fc5413f9e
	- fabric-resource-loader-v1 2.0.13+9edec1269e
	- fabric-screen-api-v1 5.2.0+58e078ad9e
	- fabric-serialization-api-v1 2.0.4+11a26f319e
	- fabric-sound-api-v1 2.0.5+11a26f319e
	- fabric-tag-api-v1 2.1.4+515ac5339e
	- fabric-transfer-api-v1 8.0.12+11dbb7d79e
	- fabric-transitive-access-wideners-v1 8.1.4+67c847259e
	- fabricloader 0.19.3
	- java 25
	- minecraft 26.2
	- mixinextras 0.5.4
	- modmenu 20.0.1
	- sculksight 0.0.1+26.2
[m[34m[01:36:29][m [32m[main/INFO][m [36m(FabricLoader/Mixin)[m [0mSpongePowered MIXIN Subsystem Version=0.8.7 Source=file:/C:/scr0ols/caches/gradle/caches/modules-2/files-2.1/net.fabricmc/sponge-mixin/0.17.3+mixin.0.8.7/41c4a3984a80f4679e759fb9f495587acc5cdac7/sponge-mixin-0.17.3+mixin.0.8.7.jar Service=Knot/Fabric Env=CLIENT
[m[34m[01:36:29][m [32m[main/INFO][m [36m(FabricLoader/Mixin)[m [0mCompatibility level set to JAVA_25
[m[34m[01:36:30][m [32m[main/INFO][m [36m(FabricLoader/MixinExtras|Service)[m [0mInitializing MixinExtras via com.llamalad7.mixinextras.service.MixinExtrasServiceImpl(version=0.5.4).
[m[34m[01:36:31][m [32m[Datafixer Bootstrap #0/INFO][m [36m(Minecraft)[m [0m295 Datafixer optimizations took 247 milliseconds
[m[34m[01:36:31][m [31m[main/ERROR][m [36m(HkeyPerformanceDataUtil)[m [31mUnable to locate English counter names in registry Perflib 009. Counters may need to be rebuilt: 
[m
com.sun.jna.platform.win32.Win32Exception: The parameter is incorrect.
	at knot//com.sun.jna.platform.win32.Advapi32Util.registryGetStringArray(Advapi32Util.java:921)
	at knot//com.sun.jna.platform.win32.Advapi32Util.registryGetStringArray(Advapi32Util.java:898)
	at knot//oshi.driver.windows.registry.HkeyPerformanceDataUtil.mapCounterIndicesFromRegistry(HkeyPerformanceDataUtil.java:274)
	at knot//oshi.driver.windows.registry.HkeyPerformanceDataUtil.<clinit>(HkeyPerformanceDataUtil.java:51)
	at knot//oshi.driver.windows.registry.ProcessPerformanceData.buildProcessMapFromRegistry(ProcessPerformanceData.java:45)
	at knot//oshi.software.os.windows.WindowsOperatingSystem.queryProcessMapFromRegistry(WindowsOperatingSystem.java:328)
	at knot//oshi.util.Memoizer$1.get(Memoizer.java:65)
	at knot//oshi.software.os.windows.WindowsOperatingSystem.processMapToList(WindowsOperatingSystem.java:298)
	at knot//oshi.software.os.windows.WindowsOperatingSystem.getProcess(WindowsOperatingSystem.java:292)
	at knot//oshi.software.os.OperatingSystem.getCurrentProcess(OperatingSystem.java:246)
	at knot//net.minecraft.SystemReport.lambda$putSoftware$0(SystemReport.java:116)
	at knot//net.minecraft.SystemReport.ignoreErrors(SystemReport.java:121)
	at knot//net.minecraft.SystemReport.putSoftware(SystemReport.java:116)
	at knot//net.minecraft.SystemReport.lambda$new$7(SystemReport.java:68)
	at knot//net.minecraft.SystemReport.ignoreErrors(SystemReport.java:121)
	at knot//net.minecraft.SystemReport.<init>(SystemReport.java:68)
	at knot//net.minecraft.CrashReport.<init>(CrashReport.java:35)
	at knot//net.minecraft.CrashReport.preload(CrashReport.java:252)
	at knot//net.minecraft.client.main.Main.main(Main.java:172)
	at net.fabricmc.loader.impl.game.minecraft.MinecraftGameProvider.launch(MinecraftGameProvider.java:514)
	at net.fabricmc.loader.impl.launch.knot.Knot.launch(Knot.java:72)
	at net.fabricmc.loader.impl.launch.knot.KnotClient.main(KnotClient.java:23)
	at net.fabricmc.devlaunchinjector.Main.main(Main.java:86)
[34m[01:36:31][m [33m[main/WARN][m [36m(PerfCounterQuery)[m [0mUnable to locate English counter names in registry Perflib 009. Assuming English counters. Error 0x80070057. See https://support.microsoft.com/en-us/help/300956/how-to-manually-rebuild-performance-counter-library-values
[m[34m[01:36:31][m [33m[main/WARN][m [36m(Minecraft)[m [0mFailed to get system info for Process Loads
[m
java.lang.NullPointerException: Cannot invoke "oshi.software.os.OSProcess.getUserTime()" because "process" is null
	at knot//net.minecraft.SystemReport.lambda$putProcessDetails$0(SystemReport.java:190)
	at knot//net.minecraft.SystemReport.setDetail(SystemReport.java:96)
	at knot//net.minecraft.SystemReport.putProcessDetails(SystemReport.java:189)
	at knot//net.minecraft.SystemReport.lambda$putSoftware$0(SystemReport.java:116)
	at knot//net.minecraft.SystemReport.ignoreErrors(SystemReport.java:121)
	at knot//net.minecraft.SystemReport.putSoftware(SystemReport.java:116)
	at knot//net.minecraft.SystemReport.lambda$new$7(SystemReport.java:68)
	at knot//net.minecraft.SystemReport.ignoreErrors(SystemReport.java:121)
	at knot//net.minecraft.SystemReport.<init>(SystemReport.java:68)
	at knot//net.minecraft.CrashReport.<init>(CrashReport.java:35)
	at knot//net.minecraft.CrashReport.preload(CrashReport.java:252)
	at knot//net.minecraft.client.main.Main.main(Main.java:172)
	at net.fabricmc.loader.impl.game.minecraft.MinecraftGameProvider.launch(MinecraftGameProvider.java:514)
	at net.fabricmc.loader.impl.launch.knot.Knot.launch(Knot.java:72)
	at net.fabricmc.loader.impl.launch.knot.KnotClient.main(KnotClient.java:23)
	at net.fabricmc.devlaunchinjector.Main.main(Main.java:86)
[34m[01:36:31][m [33m[main/WARN][m [36m(Minecraft)[m [0mFailed to get system info for Process Virtual Size (MiB)
[m
java.lang.NullPointerException: Cannot invoke "oshi.software.os.OSProcess.getVirtualSize()" because "process" is null
	at knot//net.minecraft.SystemReport.lambda$putProcessDetails$1(SystemReport.java:202)
	at knot//net.minecraft.SystemReport.setDetail(SystemReport.java:96)
	at knot//net.minecraft.SystemReport.putProcessDetails(SystemReport.java:202)
	at knot//net.minecraft.SystemReport.lambda$putSoftware$0(SystemReport.java:116)
	at knot//net.minecraft.SystemReport.ignoreErrors(SystemReport.java:121)
	at knot//net.minecraft.SystemReport.putSoftware(SystemReport.java:116)
	at knot//net.minecraft.SystemReport.lambda$new$7(SystemReport.java:68)
	at knot//net.minecraft.SystemReport.ignoreErrors(SystemReport.java:121)
	at knot//net.minecraft.SystemReport.<init>(SystemReport.java:68)
	at knot//net.minecraft.CrashReport.<init>(CrashReport.java:35)
	at knot//net.minecraft.CrashReport.preload(CrashReport.java:252)
	at knot//net.minecraft.client.main.Main.main(Main.java:172)
	at net.fabricmc.loader.impl.game.minecraft.MinecraftGameProvider.launch(MinecraftGameProvider.java:514)
	at net.fabricmc.loader.impl.launch.knot.Knot.launch(Knot.java:72)
	at net.fabricmc.loader.impl.launch.knot.KnotClient.main(KnotClient.java:23)
	at net.fabricmc.devlaunchinjector.Main.main(Main.java:86)
[34m[01:36:31][m [33m[main/WARN][m [36m(Minecraft)[m [0mFailed to get system info for Process Resident Size (MiB)
[m
java.lang.NullPointerException: Cannot invoke "oshi.software.os.OSProcess.getResidentSetSize()" because "process" is null
	at knot//net.minecraft.SystemReport.lambda$putProcessDetails$2(SystemReport.java:203)
	at knot//net.minecraft.SystemReport.setDetail(SystemReport.java:96)
	at knot//net.minecraft.SystemReport.putProcessDetails(SystemReport.java:203)
	at knot//net.minecraft.SystemReport.lambda$putSoftware$0(SystemReport.java:116)
	at knot//net.minecraft.SystemReport.ignoreErrors(SystemReport.java:121)
	at knot//net.minecraft.SystemReport.putSoftware(SystemReport.java:116)
	at knot//net.minecraft.SystemReport.lambda$new$7(SystemReport.java:68)
	at knot//net.minecraft.SystemReport.ignoreErrors(SystemReport.java:121)
	at knot//net.minecraft.SystemReport.<init>(SystemReport.java:68)
	at knot//net.minecraft.CrashReport.<init>(CrashReport.java:35)
	at knot//net.minecraft.CrashReport.preload(CrashReport.java:252)
	at knot//net.minecraft.client.main.Main.main(Main.java:172)
	at net.fabricmc.loader.impl.game.minecraft.MinecraftGameProvider.launch(MinecraftGameProvider.java:514)
	at net.fabricmc.loader.impl.launch.knot.Knot.launch(Knot.java:72)
	at net.fabricmc.loader.impl.launch.knot.KnotClient.main(KnotClient.java:23)
	at net.fabricmc.devlaunchinjector.Main.main(Main.java:86)
[34m[01:36:36][m [32m[Render thread/INFO][m [36m(Minecraft)[m [0mEnvironment: Environment[sessionHost=https://sessionserver.mojang.com, servicesHost=https://api.minecraftservices.com, profilesHost=https://api.mojang.com, name=PROD]
[m[34m[01:36:36][m [32m[Render thread/INFO][m [36m(Minecraft)[m [0mSetting user: Player981
[m[34m[01:36:36][m [32m[Render thread/INFO][m [36m(Mod Menu/Update Checker)[m [0mChecking mod updates...
[m[34m[01:36:36][m [32m[Render thread/INFO][m [36m(Indigo)[m [0m[Indigo] Registering Indigo renderer!
[m[34m[01:36:36][m [32m[Render thread/INFO][m [36m(sculksight)[m [0mSculk Sight client initialised.
[m[34m[01:36:36][m [32m[Render thread/INFO][m [36m(sculksight)[m [0mDevelopment environment: /sculksight-verify, /sculksight-verify-detection and /sculksight-verify-index registered (ADR-019).
[m[34m[01:36:36][m [32m[ModMenu/Update Checker/Fabric Loader/INFO][m [36m(Mod Menu/Update Checker)[m [0mUpdate available for 'fabricloader@0.19.3'
[m[34m[01:36:37][m [32m[Download-3/INFO][m [36m(Mod Menu/Update Checker)[m [0mUpdate available for 'fabric-api@0.158.0+26.2', (-> 0.159.0+26.2)
[m[34m[01:36:37][m [32m[Render thread/INFO][m [36m(Minecraft)[m [0mBackend library: LWJGL version 3.4.1-snapshot
[m[34m[01:36:37][m [32m[Render thread/INFO][m [36m(Minecraft)[m [0mUsing graphics backend OpenGL, using drivers: 3.3.0 NVIDIA 616.56
[m[34m[01:36:37][m [32m[Render thread/INFO][m [36m(Minecraft)[m [0mUsing graphics device: NVIDIA GeForce RTX 5070/PCIe/SSE2 (NVIDIA Corporation)
[m[34m[01:36:37][m [32m[Render thread/INFO][m [36m(Minecraft)[m [0mUsing graphics device extensions: GL_ARB_multi_draw_indirect, GL_ARB_buffer_storage, GL_ARB_shader_draw_parameters, GL_ARB_base_instance, GL_KHR_debug, GL_ARB_draw_indirect, GL_ARB_clip_control, GL_ARB_vertex_attrib_binding, GL_ARB_direct_state_access, GL_EXT_texture_filter_anisotropic
[m[34m[01:36:38][m [32m[Render thread/INFO][m [36m(Minecraft)[m [0mReloading ResourceManager: vanilla, cloth-config, fabric-api, fabric-api-base, fabric-api-lookup-api-v1, fabric-biome-api-v1, fabric-block-api-v1, fabric-block-getter-api-v2, fabric-client-gametest-api-v1, fabric-command-api-v2, fabric-content-registries-v0, fabric-convention-tags-v2, fabric-crash-report-info-v1, fabric-creative-tab-api-v1, fabric-data-attachment-api-v1, fabric-data-generation-api-v1, fabric-debug-api-v1, fabric-dimensions-v1, fabric-entity-events-v1, fabric-events-interaction-v0, fabric-game-rule-api-v1, fabric-gametest-api-v1, fabric-item-api-v1, fabric-key-mapping-api-v1, fabric-lifecycle-events-v1, fabric-loot-api-v3, fabric-menu-api-v1, fabric-message-api-v1, fabric-model-loading-api-v1, fabric-networking-api-v1, fabric-object-builder-api-v1, fabric-particles-v1, fabric-permission-api-v1, fabric-recipe-api-v1, fabric-registry-sync-v0, fabric-renderer-api-v1, fabric-renderer-indigo, fabric-rendering-fluids-v1, fabric-rendering-v1, fabric-resource-conditions-api-v1, fabric-resource-loader-v0, fabric-resource-loader-v1, fabric-screen-api-v1, fabric-serialization-api-v1, fabric-sound-api-v1, fabric-tag-api-v1, fabric-transfer-api-v1, fabric-transitive-access-wideners-v1, fabricloader, modmenu, sculksight
[m[34m[01:36:38][m [32m[Download-3/INFO][m [36m(Minecraft)[m [0mCould not authorize you against Realms server: java.lang.RuntimeException: Failed to parse into SignedJWT: FabricMC
[m[34m[01:36:38][m [32m[Worker-Main-8/INFO][m [36m(Minecraft)[m [0mFound unifont_all_no_pua-17.0.01.hex, loading
[m[34m[01:36:38][m [32m[Worker-Main-5/INFO][m [36m(Minecraft)[m [0mFound unifont_pua-17.0.01.hex, loading
[m[34m[01:36:38][m [32m[Worker-Main-11/INFO][m [36m(Minecraft)[m [0mFound unifont_jp_patch-17.0.01.hex, loading
[m[34m[01:36:39][m [32m[Render thread/INFO][m [36m(Minecraft)[m [0mOpenAL initialized on device OpenAL Soft on Headphones (AirPods Pro - Find My)
[m[34m[01:36:39][m [32m[Render thread/INFO][m [36m(Minecraft)[m [0mSound engine started
[m[34m[01:36:39][m [32m[Render thread/INFO][m [36m(Minecraft)[m [0mCreated: 512x256x0 minecraft:textures/atlas/particles.png-atlas
[m[34m[01:36:39][m [32m[Render thread/INFO][m [36m(Minecraft)[m [0mCreated: 128x128x0 minecraft:textures/atlas/decorated_pot.png-atlas
[m[34m[01:36:39][m [32m[Render thread/INFO][m [36m(Minecraft)[m [0mCreated: 2048x1024x0 minecraft:textures/atlas/armor_trims.png-atlas
[m[34m[01:36:39][m [32m[Render thread/INFO][m [36m(Minecraft)[m [0mCreated: 512x256x0 minecraft:textures/atlas/paintings.png-atlas
[m[34m[01:36:39][m [32m[Render thread/INFO][m [36m(Minecraft)[m [0mCreated: 1024x512x0 minecraft:textures/atlas/shield_patterns.png-atlas
[m[34m[01:36:39][m [32m[Render thread/INFO][m [36m(Minecraft)[m [0mCreated: 2048x2048x4 minecraft:textures/atlas/blocks.png-atlas
[m[34m[01:36:39][m [32m[Render thread/INFO][m [36m(Minecraft)[m [0mCreated: 512x512x0 minecraft:textures/atlas/chest.png-atlas
[m[34m[01:36:39][m [32m[Render thread/INFO][m [36m(Minecraft)[m [0mCreated: 256x128x0 minecraft:textures/atlas/celestials.png-atlas
[m[34m[01:36:39][m [32m[Render thread/INFO][m [36m(Minecraft)[m [0mCreated: 1024x512x0 minecraft:textures/atlas/banner_patterns.png-atlas
[m[34m[01:36:39][m [32m[Render thread/INFO][m [36m(Minecraft)[m [0mCreated: 1024x512x0 minecraft:textures/atlas/items.png-atlas
[m[34m[01:36:39][m [32m[Render thread/INFO][m [36m(Minecraft)[m [0mCreated: 1024x1024x0 minecraft:textures/atlas/gui.png-atlas
[m[34m[01:36:39][m [32m[Render thread/INFO][m [36m(Minecraft)[m [0mCreated: 128x64x0 minecraft:textures/atlas/map_decorations.png-atlas
[m[34m[01:36:39][m [32m[Render thread/INFO][m [36m(Minecraft)[m [0mCreated: 512x512x0 minecraft:textures/atlas/shulker_boxes.png-atlas
[m[34m[01:36:39][m [32m[Download-3/INFO][m [36m(Minecraft)[m [0mCould not authorize you against Realms server: java.lang.RuntimeException: Failed to parse into SignedJWT: FabricMC
[m[34m[01:36:51][m [32m[Render thread/INFO][m [36m(Minecraft)[m [0mLoaded 1585 recipes
[m[34m[01:36:51][m [32m[Render thread/INFO][m [36m(Minecraft)[m [0mLoaded 1688 advancements
[m[34m[01:36:51][m [32m[Render thread/INFO][m [36m(BiomeModificationImpl)[m [0mApplied 0 biome modifications to 0 of 66 new biomes in 867.0 μs
[m[34m[01:36:51][m [32m[Server thread/INFO][m [36m(Minecraft)[m [0mStarting integrated minecraft server version 26.2
[m[34m[01:36:51][m [32m[Server thread/INFO][m [36m(Minecraft)[m [0mGenerating keypair
[m[34m[01:36:51][m [32m[Server thread/INFO][m [36m(Minecraft)[m [0mLoading 0 persistent chunks...
[m[34m[01:36:51][m [32m[Server thread/INFO][m [36m(Minecraft)[m [0mPreparing spawn area: 16%
[m[34m[01:36:52][m [32m[Server thread/INFO][m [36m(Minecraft)[m [0mSaving chunks for level 'ServerLevel[verify index - tests]'/minecraft:overworld
[m[34m[01:36:52][m [32m[Server thread/INFO][m [36m(Minecraft)[m [0mSaving chunks for level 'ServerLevel[verify index - tests]'/minecraft:the_nether
[m[34m[01:36:52][m [32m[Server thread/INFO][m [36m(Minecraft)[m [0mSaving chunks for level 'ServerLevel[verify index - tests]'/minecraft:the_end
[m[34m[01:36:52][m [32m[Server thread/INFO][m [36m(Minecraft)[m [0mThreadedAnvilChunkStorage (world): All chunks are saved
[m[34m[01:36:52][m [32m[Server thread/INFO][m [36m(Minecraft)[m [0mThreadedAnvilChunkStorage (DIM-1): All chunks are saved
[m[34m[01:36:52][m [32m[Server thread/INFO][m [36m(Minecraft)[m [0mThreadedAnvilChunkStorage (DIM1): All chunks are saved
[m[34m[01:36:52][m [32m[Server thread/INFO][m [36m(Minecraft)[m [0mThreadedAnvilChunkStorage: All dimensions are saved
[m[34m[01:36:52][m [32m[Server thread/INFO][m [36m(Minecraft)[m [0mLoading 49 chunks for player spawn...
[m[34m[01:36:52][m [32m[Server thread/INFO][m [36m(Minecraft)[m [0mPreparing spawn area: 16%
[m[34m[01:36:52][m [32m[Server thread/INFO][m [36m(Minecraft)[m [0mTime elapsed: 692 ms
[m[34m[01:36:52][m [32m[Server thread/INFO][m [36m(Minecraft)[m [0mPlayer981[local:E:3e86a32a] logged in with entity id 1 at (-45.673871462550345, -51.5, 94.30000001192093)
[m[34m[01:36:52][m [32m[Server thread/INFO][m [36m(Minecraft)[m [0mPlayer981 joined the game
[m[34m[01:36:52][m [32m[Server thread/INFO][m [36m(Minecraft)[m [0mChanging view distance to 9, from 10
[m[34m[01:36:52][m [32m[Server thread/INFO][m [36m(Minecraft)[m [0mChanging simulation distance to 12, from 0
[m[34m[01:36:53][m [32m[Render thread/INFO][m [36m(Minecraft)[m [0mResizing Dynamic Transforms UBO, capacity limit of 2 reached during a single frame. New capacity will be 4.
[m[34m[01:36:53][m [32m[Render thread/INFO][m [36m(Minecraft)[m [0mLoaded 6 advancements
[m[34m[01:36:53][m [32m[Render thread/INFO][m [36m(Minecraft)[m [0mResizing Dynamic Transforms UBO, capacity limit of 4 reached during a single frame. New capacity will be 8.
[m[34m[01:36:53][m [32m[Render thread/INFO][m [36m(Minecraft)[m [0mResizing Dynamic Transforms UBO, capacity limit of 8 reached during a single frame. New capacity will be 16.
[m[34m[01:36:53][m [32m[Render thread/INFO][m [36m(Minecraft)[m [0mResizing Chunk Sections UBO, capacity limit of 2 reached during a single frame. New capacity will be 4.
[m[34m[01:36:54][m [31m[Download-3/ERROR][m [36m(Minecraft)[m [31mFailed to retrieve profile key pair
[m
MinecraftClientHttpException[type=HTTP_ERROR, status=401, response=ErrorResponse[path=/player/certificates, error=null, errorMessage=null, details=null]]
	at knot//com.mojang.authlib.minecraft.client.MinecraftClient.buildHttpException(MinecraftClient.java:170)
	at knot//com.mojang.authlib.minecraft.client.MinecraftClient.readServiceResponse(MinecraftClient.java:147)
	at knot//com.mojang.authlib.minecraft.client.MinecraftClient.post(MinecraftClient.java:89)
	at knot//com.mojang.authlib.yggdrasil.YggdrasilUserApiService.getKeyPair(YggdrasilUserApiService.java:62)
	at knot//net.minecraft.client.multiplayer.AccountProfileKeyPairManager.fetchProfileKeyPair(AccountProfileKeyPairManager.java:128)
	at knot//net.minecraft.client.multiplayer.AccountProfileKeyPairManager.lambda$readOrFetchProfileKeyPair$0(AccountProfileKeyPairManager.java:77)
	at java.base/java.util.concurrent.CompletableFuture$AsyncSupply.run(CompletableFuture.java:1789)
	at java.base/java.util.concurrent.ThreadPoolExecutor.runWorker(ThreadPoolExecutor.java:1090)
	at java.base/java.util.concurrent.ThreadPoolExecutor$Worker.run(ThreadPoolExecutor.java:614)
	at java.base/java.lang.Thread.run(Thread.java:1474)
[34m[01:36:56][m [32m[Server thread/INFO][m [36m(Minecraft)[m [0mSaving and pausing game...
[m[34m[01:36:56][m [32m[Server thread/INFO][m [36m(Minecraft)[m [0mSaving chunks for level 'ServerLevel[verify index - tests]'/minecraft:overworld
[m[34m[01:36:56][m [32m[Server thread/INFO][m [36m(Minecraft)[m [0mSaving chunks for level 'ServerLevel[verify index - tests]'/minecraft:the_nether
[m[34m[01:36:56][m [32m[Server thread/INFO][m [36m(Minecraft)[m [0mSaving chunks for level 'ServerLevel[verify index - tests]'/minecraft:the_end
[m[34m[01:37:06][m [32m[Server thread/INFO][m [36m(Minecraft)[m [0mPlayer981 has made the advancement [Sneak 100]
[m[34m[01:37:06][m [32m[Render thread/INFO][m [36m(Minecraft)[m [0m[System] [CHAT] Player981 has made the advancement [Sneak 100]
[m[34m[01:37:06][m [32m[Render thread/INFO][m [36m(Minecraft)[m [0mLoaded 8 advancements
[m[34m[01:37:11][m [32m[Render thread/INFO][m [36m(sculksight)[m [0m[sculksight] the targeted block has no game event listener.
[m[34m[01:37:11][m [32m[Render thread/INFO][m [36m(sculksight)[m [0m[sculksight] timings are being written to C:\scr0ols\dev\repos\SculkSight\fabric\run\sculksight-timings.txt
[m[34m[01:37:11][m [32m[Render thread/INFO][m [36m(Minecraft)[m [0m[System] [CHAT] [sculksight] the targeted block has no game event listener.
[m[34m[01:37:12][m [32m[Render thread/INFO][m [36m(sculksight)[m [0m[sculksight] solved radius 16: 630 positions in range (16447 occluded out), 832 boundary faces.
[m[34m[01:37:12][m [32m[Render thread/INFO][m [36m(Minecraft)[m [0m[System] [CHAT] [sculksight] solved radius 16: 630 positions in range (16447 occluded out), 832 boundary faces.
[m[34m[01:37:12][m [32m[Render thread/INFO][m [36m(sculksight)[m [0m[sculksight] client thread: snapshot 1.002 ms + upload 1.274 ms = 2.276 ms of CPU (budget 2 ms per tick); worker: encode 63.990 ms, off the frame path.
[m[34m[01:37:12][m [32m[Render thread/INFO][m [36m(Minecraft)[m [0m[System] [CHAT] [sculksight] client thread: snapshot 1.002 ms + upload 1.274 ms = 2.276 ms of CPU (budget 2 ms per tick); worker: encode 63.990 ms, off the frame path.
[m[34m[01:37:22][m [32m[Render thread/INFO][m [36m(sculksight)[m [0m[sculksight] tier 3 over 1652 frames: min 0.004 ms, mean 0.011 ms, max 1.877 ms of CPU, 1 over the 0.500 ms budget.
[m[34m[01:37:22][m [32m[Render thread/INFO][m [36m(Minecraft)[m [0m[System] [CHAT] [sculksight] tier 3 over 1652 frames: min 0.004 ms, mean 0.011 ms, max 1.877 ms of CPU, 1 over the 0.500 ms budget.
[m[34m[01:37:23][m [32m[Render thread/INFO][m [36m(sculksight)[m [0m[sculksight] tier 3 over 151 frames: min 0.004 ms, mean 0.007 ms, max 0.020 ms of CPU, 0 over the 0.500 ms budget.
[m[34m[01:37:23][m [32m[Render thread/INFO][m [36m(Minecraft)[m [0m[System] [CHAT] [sculksight] tier 3 over 151 frames: min 0.004 ms, mean 0.007 ms, max 0.020 ms of CPU, 0 over the 0.500 ms budget.
[m[34m[01:37:23][m [32m[Render thread/INFO][m [36m(sculksight)[m [0m[sculksight] shell cleared.
[m[34m[01:37:23][m [32m[Render thread/INFO][m [36m(Minecraft)[m [0m[System] [CHAT] [sculksight] shell cleared.
[m[34m[01:37:23][m [32m[Render thread/INFO][m [36m(sculksight)[m [0m[sculksight] solved radius 16: 971 positions in range (16106 occluded out), 1440 boundary faces.
[m[34m[01:37:23][m [32m[Render thread/INFO][m [36m(Minecraft)[m [0m[System] [CHAT] [sculksight] solved radius 16: 971 positions in range (16106 occluded out), 1440 boundary faces.
[m[34m[01:37:23][m [32m[Render thread/INFO][m [36m(sculksight)[m [0m[sculksight] client thread: snapshot 0.014 ms + upload 0.300 ms = 0.313 ms of CPU (budget 2 ms per tick); worker: encode 37.128 ms, off the frame path.
[m[34m[01:37:23][m [32m[Render thread/INFO][m [36m(Minecraft)[m [0m[System] [CHAT] [sculksight] client thread: snapshot 0.014 ms + upload 0.300 ms = 0.313 ms of CPU (budget 2 ms per tick); worker: encode 37.128 ms, off the frame path.
[m[34m[01:37:33][m [32m[Render thread/INFO][m [36m(sculksight)[m [0m[sculksight] tier 3 over 1652 frames: min 0.003 ms, mean 0.007 ms, max 0.057 ms of CPU, 0 over the 0.500 ms budget.
[m[34m[01:37:33][m [32m[Render thread/INFO][m [36m(Minecraft)[m [0m[System] [CHAT] [sculksight] tier 3 over 1652 frames: min 0.003 ms, mean 0.007 ms, max 0.057 ms of CPU, 0 over the 0.500 ms budget.
[m[34m[01:37:41][m [32m[Server thread/INFO][m [36m(Minecraft)[m [0mSaving and pausing game...
[m[34m[01:37:41][m [32m[Server thread/INFO][m [36m(Minecraft)[m [0mSaving chunks for level 'ServerLevel[verify index - tests]'/minecraft:overworld
[m[34m[01:37:41][m [32m[Server thread/INFO][m [36m(Minecraft)[m [0mSaving chunks for level 'ServerLevel[verify index - tests]'/minecraft:the_nether
[m[34m[01:37:41][m [32m[Server thread/INFO][m [36m(Minecraft)[m [0mSaving chunks for level 'ServerLevel[verify index - tests]'/minecraft:the_end
[m[34m[01:37:42][m [32m[Server thread/INFO][m [36m(Minecraft)[m [0mStopping server
[m[34m[01:37:42][m [32m[Server thread/INFO][m [36m(Minecraft)[m [0mSaving players
[m[34m[01:37:42][m [32m[Server thread/INFO][m [36m(Minecraft)[m [0mPlayer981 lost connection: Disconnected
[m[34m[01:37:42][m [32m[Server thread/INFO][m [36m(Minecraft)[m [0mPlayer981 left the game
[m[34m[01:37:42][m [32m[Server thread/INFO][m [36m(Minecraft)[m [0mStopping singleplayer server as player logged out
[m[34m[01:37:42][m [32m[Server thread/INFO][m [36m(Minecraft)[m [0mSaving worlds
[m[34m[01:37:42][m [32m[Server thread/INFO][m [36m(Minecraft)[m [0mSaving chunks for level 'ServerLevel[verify index - tests]'/minecraft:overworld
[m[34m[01:37:42][m [32m[Server thread/INFO][m [36m(Minecraft)[m [0mSaving chunks for level 'ServerLevel[verify index - tests]'/minecraft:the_nether
[m[34m[01:37:42][m [32m[Server thread/INFO][m [36m(Minecraft)[m [0mSaving chunks for level 'ServerLevel[verify index - tests]'/minecraft:the_end
[m[34m[01:37:42][m [32m[Server thread/INFO][m [36m(Minecraft)[m [0mThreadedAnvilChunkStorage (world): All chunks are saved
[m[34m[01:37:42][m [32m[Server thread/INFO][m [36m(Minecraft)[m [0mThreadedAnvilChunkStorage (DIM-1): All chunks are saved
[m[34m[01:37:42][m [32m[Server thread/INFO][m [36m(Minecraft)[m [0mThreadedAnvilChunkStorage (DIM1): All chunks are saved
[m[34m[01:37:42][m [32m[Server thread/INFO][m [36m(Minecraft)[m [0mThreadedAnvilChunkStorage: All dimensions are saved
[m[34m[01:37:54][m [32m[Render thread/INFO][m [36m(Minecraft)[m [0mStopping!
[m[34m[01:37:54][m [32m[Render thread/INFO][m [36m(sculksight)[m [0m[sculksight] tier 3 over 1471 frames: min 0.003 ms, mean 0.004 ms, max 0.013 ms of CPU, 0 over the 0.500 ms budget.
[m[34m[01:37:54][m [32m[Render thread/INFO][m [36m(Minecraft)[m [0m[System] [CHAT] [sculksight] tier 3 over 1471 frames: min 0.003 ms, mean 0.004 ms, max 0.013 ms of CPU, 0 over the 0.500 ms budget.
[m
BUILD SUCCESSFUL in 1m 28s
8 actionable tasks: 2 executed, 6 up-to-date
